66.249.79.123 - - [27/Apr/2015:18:54:47 +0530] "GET /view.php?d=51 HTTP/1.1" 302 4 "-" "Mozilla/5.0 (compatible; Googlebot/2.1; +http://www.google.com/bot.html)"
180.76.5.197 - - [27/Apr/2015:22:00:27 +0530] "GET /css/initcarousel-1.css HTTP/1.1" 200 2404 "-" "Mozilla/5.0 (compatible; Baiduspider/2.0; +http://www.baidu.com/search/spider.html)"
180.76.5.188 - - [27/Apr/2015:22:01:58 +0530] "GET /topic-deal.php?page=5&topic=8&m= HTTP/1.1" 200 16839 "-" "Mozilla/5.0 (compatible; Baiduspider/2.0; +http://www.baidu.com/search/spider.html)"
66.249.79.127 - - [27/Apr/2015:22:07:55 +0530] "GET /contact.php HTTP/1.1" 200 16006 "-" "Mozilla/5.0 (compatible; Googlebot/2.1; +http://www.google.com/bot.html)"
66.249.79.123 - - [27/Apr/2015:22:21:43 +0530] "GET /deal-details.php?deal=samsung-galaxy-s-duos-2-s7582-dual-sim-android-mobile--bill--1-year-warrant&63 HTTP/1.1" 200 25867 "-" "Mozilla/5.0 (compatible; Googlebot/2.1; +http://www.google.com/bot.html)"
66.249.79.115 - - [27/Apr/2015:22:22:01 +0530] "GET /admin/assets/js/minified/jquery.timeago.js HTTP/1.1" 200 4657 "-" "Mozilla/5.0 (compatible; Googlebot/2.1; +http://www.google.com/bot.html)"
66.249.79.123 - - [27/Apr/2015:22:22:04 +0530] "GET /css/elastislide.css HTTP/1.1" 200 2403 "-" "Mozilla/5.0 (compatible; Googlebot/2.1; +http://www.google.com/bot.html)"
66.249.79.115 - - [27/Apr/2015:22:22:12 +0530] "GET /js/jquerypp.custom.js HTTP/1.1" 304 - "-" "Mozilla/5.0 (compatible; Googlebot/2.1; +http://www.google.com/bot.html)"
66.249.79.123 - - [27/Apr/2015:22:22:13 +0530] "GET /js/jquery.elastislide.js HTTP/1.1" 200 20694 "-" "Mozilla/5.0 (compatible; Googlebot/2.1; +http://www.google.com/bot.html)"
66.249.79.123 - - [27/Apr/2015:22:22:14 +0530] "GET /js/jquery.hashchange.min.js HTTP/1.1" 200 1526 "-" "Mozilla/5.0 (compatible; Googlebot/2.1; +http://www.google.com/bot.html)"
66.249.79.123 - - [27/Apr/2015:22:22:17 +0530] "GET /font/stylesheet.css HTTP/1.1" 200 739 "-" "Mozilla/5.0 (compatible; Googlebot/2.1; +http://www.google.com/bot.html)"
66.249.79.107 - - [27/Apr/2015:22:22:18 +0530] "GET /css/initcarousel-1.css HTTP/1.1" 200 2404 "-" "Mozilla/5.0 (compatible; Googlebot/2.1; +http://www.google.com/bot.html)"
66.249.79.123 - - [27/Apr/2015:22:22:20 +0530] "GET /admin/assets/js/minified/jquery.livequery.js HTTP/1.1" 304 - "-" "Mozilla/5.0 (compatible; Googlebot/2.1; +http://www.google.com/bot.html)"
66.249.79.107 - - [27/Apr/2015:22:22:22 +0530] "GET /css/style.css HTTP/1.1" 200 52330 "-" "Mozilla/5.0 (compatible; Googlebot/2.1; +http://www.google.com/bot.html)"
66.249.79.115 - - [27/Apr/2015:22:22:26 +0530] "GET /js/slugify.js HTTP/1.1" 200 15505 "-" "Mozilla/5.0 (compatible; Googlebot/2.1; +http://www.google.com/bot.html)"
66.249.79.107 - - [27/Apr/2015:22:22:28 +0530] "GET /js/jquery.easytabs.min.js HTTP/1.1" 200 9376 "-" "Mozilla/5.0 (compatible; Googlebot/2.1; +http://www.google.com/bot.html)"
66.249.79.135 - - [27/Apr/2015:22:44:09 +0530] "GET /topic-deal.php?topic=11 HTTP/1.1" 200 19559 "-" "Mozilla/5.0 (compatible; Googlebot/2.1; +http://www.google.com/bot.html)"
66.249.79.107 - - [27/Apr/2015:22:45:04 +0530] "GET /deal-details.php?deal=branded-famous-premium-vegetable--fruit-cutter-chopper-nicer-dicer-chipser&65 HTTP/1.1" 200 25101 "-" "Mozilla/5.0 (compatible; Googlebot/2.1; +http://www.google.com/bot.html)"
207.46.13.56 - - [27/Apr/2015:23:03:40 +0530] "GET /privacy.php HTTP/1.1" 200 17445 "-" "Mozilla/5.0 (compatible; bingbot/2.0; +http://www.bing.com/bingbot.htm)"
66.249.79.115 - - [27/Apr/2015:23:12:06 +0530] "GET /deal-details.php?deal=sony-bravia-led-tv-32-inch-klv-32r402-with-one-year-seller-warranty-for-sale&62 HTTP/1.1" 200 28816 "-" "Mozilla/5.0 (compatible; Googlebot/2.1; +http://www.google.com/bot.html)"
66.249.79.123 - - [27/Apr/2015:23:19:58 +0530] "GET /?page=2 HTTP/1.1" 200 60245 "-" "Mozilla/5.0 (compatible; Googlebot/2.1; +http://www.google.com/bot.html)"
66.249.79.123 - - [27/Apr/2015:23:23:43 +0530] "GET /topic-deal.php?topic=5&m=8 HTTP/1.1" 200 15304 "-" "Mozilla/5.0 (compatible; Googlebot/2.1; +http://www.google.com/bot.html)"
66.249.79.123 - - [28/Apr/2015:01:20:43 +0530] "GET /robots.txt HTTP/1.1" 404 12839 "-" "Mozilla/5.0 (compatible; Googlebot/2.1; +http://www.google.com/bot.html)"
66.249.79.115 - - [28/Apr/2015:01:20:44 +0530] "GET /profile.php?user_id=20 HTTP/1.1" 200 15958 "-" "Mozilla/5.0 (compatible; Googlebot/2.1; +http://www.google.com/bot.html)"
66.249.79.119 - - [28/Apr/2015:01:22:58 +0530] "GET /robots.txt HTTP/1.1" 404 12839 "-" "Mozilla/5.0 (compatible; Googlebot/2.1; +http://www.google.com/bot.html)"
66.249.79.135 - - [28/Apr/2015:01:22:59 +0530] "GET /topic-deal.php?topic=8 HTTP/1.1" 200 25397 "-" "Mozilla/5.0 (compatible; Googlebot/2.1; +http://www.google.com/bot.html)"
66.249.79.135 - - [28/Apr/2015:01:23:40 +0530] "GET /topic-deal.php?topic=9&m=3 HTTP/1.1" 200 15130 "-" "Mozilla/5.0 (compatible; Googlebot/2.1; +http://www.google.com/bot.html)"
66.249.79.127 - - [28/Apr/2015:01:24:32 +0530] "GET /deal-details.php?deal=puma-mens-917-mid-20-canvas-sneakers&44 HTTP/1.1" 200 24121 "-" "Mozilla/5.0 (compatible; Googlebot/2.1; +http://www.google.com/bot.html)"
157.55.39.166 - - [28/Apr/2015:01:26:53 +0530] "GET /robots.txt HTTP/1.1" 404 12839 "-" "Mozilla/5.0 (compatible; bingbot/2.0; +http://www.bing.com/bingbot.htm)"
66.249.79.127 - - [28/Apr/2015:01:27:29 +0530] "GET /topic-deal.php?topic=13 HTTP/1.1" 200 16416 "-" "Mozilla/5.0 (compatible; Googlebot/2.1; +http://www.google.com/bot.html)"
66.249.79.135 - - [28/Apr/2015:01:31:13 +0530] "GET /topic-deal.php?topic=4&m=5 HTTP/1.1" 200 15134 "-" "Mozilla/5.0 (compatible; Googlebot/2.1; +http://www.google.com/bot.html)"
66.249.79.107 - - [28/Apr/2015:01:31:42 +0530] "GET /topic-deal.php?topic=10&m=7 HTTP/1.1" 200 15304 "-" "Mozilla/5.0 (compatible; Googlebot/2.1; +http://www.google.com/bot.html)"
66.249.79.127 - - [28/Apr/2015:01:31:52 +0530] "GET /topic-deal.php?topic=6 HTTP/1.1" 200 22714 "-" "Mozilla/5.0 (compatible; Googlebot/2.1; +http://www.google.com/bot.html)"
66.249.79.119 - - [28/Apr/2015:01:37:08 +0530] "GET /profile.php?user_id=22 HTTP/1.1" 200 15770 "-" "Mozilla/5.0 (compatible; Googlebot/2.1; +http://www.google.com/bot.html)"
66.249.79.119 - - [28/Apr/2015:01:39:50 +0530] "GET /deal-details.php?deal=dfghdfgj&67 HTTP/1.1" 200 23505 "-" "Mozilla/5.0 (compatible; Googlebot/2.1; +http://www.google.com/bot.html)"
66.249.79.123 - - [28/Apr/2015:01:43:02 +0530] "GET /profile.php?user_id=39 HTTP/1.1" 200 16055 "-" "Mozilla/5.0 (compatible; Googlebot/2.1; +http://www.google.com/bot.html)"
66.249.79.127 - - [28/Apr/2015:01:44:39 +0530] "GET /deal-details.php?deal=puma-running-shoe&61 HTTP/1.1" 200 23827 "-" "Mozilla/5.0 (compatible; Googlebot/2.1; +http://www.google.com/bot.html)"
66.249.79.135 - - [28/Apr/2015:01:44:42 +0530] "GET /privacy.php HTTP/1.1" 200 17445 "-" "Mozilla/5.0 (compatible; Googlebot/2.1; +http://www.google.com/bot.html)"
66.249.79.107 - - [28/Apr/2015:01:47:28 +0530] "GET /help.php HTTP/1.1" 200 20563 "-" "Mozilla/5.0 (compatible; Googlebot/2.1; +http://www.google.com/bot.html)"
66.249.79.127 - - [28/Apr/2015:01:49:05 +0530] "GET /about.php HTTP/1.1" 200 17413 "-" "Mozilla/5.0 (compatible; Googlebot/2.1; +http://www.google.com/bot.html)"
66.249.79.107 - - [28/Apr/2015:01:49:06 +0530] "GET /login.php HTTP/1.1" 200 17606 "-" "Mozilla/5.0 (compatible; Googlebot/2.1; +http://www.google.com/bot.html)"
66.249.79.123 - - [28/Apr/2015:01:49:51 +0530] "GET /profile.php?user_id=74 HTTP/1.1" 200 16091 "-" "Mozilla/5.0 (compatible; Googlebot/2.1; +http://www.google.com/bot.html)"
202.46.61.61 - - [28/Apr/2015:02:03:49 +0530] "GET /view.php?d=64 HTTP/1.1" 302 4 "-" "Mozilla/5.0 (Windows NT 6.1; WOW64) AppleWebKit/537.36 (KHTML, like Gecko) Chrome/36.0.1985.125 Safari/537.36"
66.249.79.123 - - [28/Apr/2015:02:06:37 +0530] "GET /css/initcarousel-1.css HTTP/1.1" 304 - "-" "Mozilla/5.0 (compatible; Googlebot/2.1; +http://www.google.com/bot.html)"
66.249.79.123 - - [28/Apr/2015:02:06:39 +0530] "GET /admin/assets/js/minified/jquery.livequery.js HTTP/1.1" 200 6937 "-" "Mozilla/5.0 (compatible; Googlebot/2.1; +http://www.google.com/bot.html)"
66.249.79.107 - - [28/Apr/2015:02:06:40 +0530] "GET /js/modernizr.custom.17475.js HTTP/1.1" 200 9171 "-" "Mozilla/5.0 (compatible; Googlebot/2.1; +http://www.google.com/bot.html)"
66.249.79.107 - - [28/Apr/2015:02:06:41 +0530] "GET /css/style.css HTTP/1.1" 304 - "-" "Mozilla/5.0 (compatible; Googlebot/2.1; +http://www.google.com/bot.html)"
66.249.79.123 - - [28/Apr/2015:02:06:41 +0530] "GET /js/jquery.elastislide.js HTTP/1.1" 304 - "-" "Mozilla/5.0 (compatible; Googlebot/2.1; +http://www.google.com/bot.html)"
66.249.79.115 - - [28/Apr/2015:02:06:43 +0530] "GET /admin/assets/js/minified/jquery.timeago.js HTTP/1.1" 304 - "-" "Mozilla/5.0 (compatible; Googlebot/2.1; +http://www.google.com/bot.html)"
66.249.79.115 - - [28/Apr/2015:02:06:44 +0530] "GET /css/SpryTabbedPanels.css HTTP/1.1" 200 10167 "-" "Mozilla/5.0 (compatible; Googlebot/2.1; +http://www.google.com/bot.html)"
66.249.79.123 - - [28/Apr/2015:02:06:45 +0530] "GET /css/elastislide.css HTTP/1.1" 200 2403 "-" "Mozilla/5.0 (compatible; Googlebot/2.1; +http://www.google.com/bot.html)"
66.249.79.107 - - [28/Apr/2015:02:06:46 +0530] "GET /js/deal.js HTTP/1.1" 200 9834 "-" "Mozilla/5.0 (compatible; Googlebot/2.1; +http://www.google.com/bot.html)"
66.249.79.115 - - [28/Apr/2015:02:06:47 +0530] "GET /js/SpryTabbedPanels.js HTTP/1.1" 200 12187 "-" "Mozilla/5.0 (compatible; Googlebot/2.1; +http://www.google.com/bot.html)"
66.249.79.107 - - [28/Apr/2015:02:06:48 +0530] "GET /js/jquerypp.custom.js HTTP/1.1" 304 - "-" "Mozilla/5.0 (compatible; Googlebot/2.1; +http://www.google.com/bot.html)"
66.249.79.123 - - [28/Apr/2015:02:06:49 +0530] "GET /font/stylesheet.css HTTP/1.1" 304 - "-" "Mozilla/5.0 (compatible; Googlebot/2.1; +http://www.google.com/bot.html)"
157.55.39.166 - - [28/Apr/2015:02:16:13 +0530] "GET / HTTP/1.1" 200 69900 "-" "Mozilla/5.0 (compatible; bingbot/2.0; +http://www.bing.com/bingbot.htm)"
180.76.5.173 - - [28/Apr/2015:03:27:59 +0530] "GET /privacy.php HTTP/1.1" 200 17445 "-" "Mozilla/5.0 (compatible; Baiduspider/2.0; +http://www.baidu.com/search/spider.html)"
208.115.113.86 - - [28/Apr/2015:03:54:47 +0530] "GET /robots.txt HTTP/1.1" 404 12839 "-" "Mozilla/5.0 (compatible; DotBot/1.1; http://www.opensiteexplorer.org/dotbot, help@moz.com)"
180.76.6.158 - - [28/Apr/2015:04:14:10 +0530] "GET /view.php?d=62 HTTP/1.1" 302 4 "-" "Mozilla/5.0 (compatible; Baiduspider/2.0; +http://www.baidu.com/search/spider.html)"
66.249.79.107 - - [28/Apr/2015:04:42:23 +0530] "GET / HTTP/1.1" 200 69900 "-" "Mozilla/5.0 (compatible; Googlebot/2.1; +http://www.google.com/bot.html)"
66.249.79.127 - - [28/Apr/2015:05:02:45 +0530] "GET / HTTP/1.1" 200 69316 "-" "Mozilla/5.0 (compatible; Googlebot/2.1; +http://www.google.com/bot.html)"
208.115.113.86 - - [28/Apr/2015:05:29:22 +0530] "GET /topic-deal.php?topic=11 HTTP/1.1" 200 19559 "-" "Mozilla/5.0 (compatible; DotBot/1.1; http://www.opensiteexplorer.org/dotbot, help@moz.com)"
5.255.253.164 - - [28/Apr/2015:06:19:21 +0530] "GET /robots.txt HTTP/1.1" 404 12839 "-" "Mozilla/5.0 (compatible; YandexBot/3.0; +http://yandex.com/bots)"
180.76.6.230 - - [28/Apr/2015:06:34:34 +0530] "GET /js/slugify.js HTTP/1.1" 200 15505 "-" "Mozilla/5.0 (compatible; Baiduspider/2.0; +http://www.baidu.com/search/spider.html)"
37.140.188.27 - - [28/Apr/2015:06:44:45 +0530] "GET /topic-deal.php?m=2&topic=2 HTTP/1.1" 200 19407 "-" "Mozilla/5.0 (compatible; YandexBot/3.0; +http://yandex.com/bots)"
66.249.79.135 - - [28/Apr/2015:07:16:26 +0530] "GET /profile.php?user_id=22 HTTP/1.1" 200 15770 "-" "Mozilla/5.0 (compatible; Googlebot/2.1; +http://www.google.com/bot.html)"
66.249.79.135 - - [28/Apr/2015:07:17:56 +0530] "GET /topic-deal.php?topic=4&m=5 HTTP/1.1" 200 15134 "-" "Mozilla/5.0 (compatible; Googlebot/2.1; +http://www.google.com/bot.html)"
66.249.79.123 - - [28/Apr/2015:07:21:49 +0530] "GET /topic-deal.php?topic=5&m=8 HTTP/1.1" 200 15304 "-" "Mozilla/5.0 (compatible; Googlebot/2.1; +http://www.google.com/bot.html)"
66.249.79.107 - - [28/Apr/2015:07:24:16 +0530] "GET /?page=2 HTTP/1.1" 200 60245 "-" "Mozilla/5.0 (compatible; Googlebot/2.1; +http://www.google.com/bot.html)"
66.249.79.119 - - [28/Apr/2015:07:24:31 +0530] "GET /topic-deal.php?topic=11 HTTP/1.1" 200 19559 "-" "Mozilla/5.0 (compatible; Googlebot/2.1; +http://www.google.com/bot.html)"
66.249.79.123 - - [28/Apr/2015:07:28:23 +0530] "GET /deal-details.php?deal=samsung-galaxy-s-duos-2-s7582-dual-sim-android-mobile--bill--1-year-warrant&63 HTTP/1.1" 200 25867 "-" "Mozilla/5.0 (compatible; Googlebot/2.1; +http://www.google.com/bot.html)"
66.249.79.135 - - [28/Apr/2015:07:29:12 +0530] "GET /topic-deal.php?topic=13 HTTP/1.1" 200 16416 "-" "Mozilla/5.0 (compatible; Googlebot/2.1; +http://www.google.com/bot.html)"
66.249.79.107 - - [28/Apr/2015:07:30:58 +0530] "GET /view.php?d=51 HTTP/1.1" 302 4 "-" "Mozilla/5.0 (compatible; Googlebot/2.1; +http://www.google.com/bot.html)"
66.249.79.123 - - [28/Apr/2015:07:31:47 +0530] "GET /deal-details.php?deal=branded-famous-premium-vegetable--fruit-cutter-chopper-nicer-dicer-chipser&65 HTTP/1.1" 200 25101 "-" "Mozilla/5.0 (compatible; Googlebot/2.1; +http://www.google.com/bot.html)"
66.249.79.115 - - [28/Apr/2015:07:32:04 +0530] "GET /deal-details.php?deal=sony-bravia-led-tv-32-inch-klv-32r402-with-one-year-seller-warranty-for-sale&62 HTTP/1.1" 200 28816 "-" "Mozilla/5.0 (compatible; Googlebot/2.1; +http://www.google.com/bot.html)"
66.249.79.135 - - [28/Apr/2015:07:32:58 +0530] "GET /contact.php HTTP/1.1" 200 16006 "-" "Mozilla/5.0 (compatible; Googlebot/2.1; +http://www.google.com/bot.html)"
